// Jest Snapshot v1, https://goo.gl/fbAQLP

exports[`useFocusTrap should match snapshot 1`] = `
<button
  data-testid="test"
>
  <span
    style="border: 0px; clip-path: inset(50%); height: 1px; margin: 0px -1px -1px 0px; overflow: hidden; padding: 0px; position: absolute; width: 1px; white-space: nowrap;"
  >
    Hidden text
  </span>
</button>
`;
