// Jest Snapshot v1, https://goo.gl/fbAQLP

exports[`focus-trap getTabbables should return filtered tabbable-elements 1`] = `
Array [
  "button",
  "button-visible-parent-hidden",
]
`;

exports[`focus-trap getTabbables should return tabbable-elements inside container 1`] = `
Array [
  "link-tabindex",
  "input",
  "input-readonly",
  "textarea",
  "textarea-readonly",
  "select",
  "select-readonly",
  "link-anchor",
  "button",
  "audio-control",
  "video-control",
  "div-tabindex",
  "div-contenteditable-true",
  "div-contenteditable-nesting",
  "button-visible-parent-hidden",
]
`;
